---
source: crates/oxutrm-term/src/golden.rs
expression: "format!(\"--- 20 columns ---\\n{}\\n--- 8 columns ---\\n{}\\n--- back to 20 ---\\n{}\",\ndescribe(&before), describe(&shrunk), describe(&after))"
---
--- 20 columns ---
size    4x20 (rows x cols)
cursor  (0,18) visible=true Block
modes   alt=false paste=false mouse=Off app_cursor=false app_keypad=false
title   ""
bell    0   scrollback 0

screen
  0 |abcdefghijklmnopqr  |
  1 |                    |
  2 |                    |
  3 |                    |

non-blank cells
(0,0) "a" fg=default bg=default attrs=-
(0,1) "b" fg=default bg=default attrs=-
(0,2) "c" fg=default bg=default attrs=-
(0,3) "d" fg=default bg=default attrs=-
(0,4) "e" fg=default bg=default attrs=-
(0,5) "f" fg=default bg=default attrs=-
(0,6) "g" fg=default bg=default attrs=-
(0,7) "h" fg=default bg=default attrs=-
(0,8) "i" fg=default bg=default attrs=-
(0,9) "j" fg=default bg=default attrs=-
(0,10) "k" fg=default bg=default attrs=-
(0,11) "l" fg=default bg=default attrs=-
(0,12) "m" fg=default bg=default attrs=-
(0,13) "n" fg=default bg=default attrs=-
(0,14) "o" fg=default bg=default attrs=-
(0,15) "p" fg=default bg=default attrs=-
(0,16) "q" fg=default bg=default attrs=-
(0,17) "r" fg=default bg=default attrs=-

--- 8 columns ---
size    4x8 (rows x cols)
cursor  (0,2) visible=true Block
modes   alt=false paste=false mouse=Off app_cursor=false app_keypad=false
title   ""
bell    0   scrollback 0

screen
  0 |qr      |
  1 |        |
  2 |        |
  3 |        |

non-blank cells
(0,0) "q" fg=default bg=default attrs=-
(0,1) "r" fg=default bg=default attrs=-

--- back to 20 ---
size    4x20 (rows x cols)
cursor  (0,0) visible=true Block
modes   alt=false paste=false mouse=Off app_cursor=false app_keypad=false
title   ""
bell    0   scrollback 0

screen
  0 |                    |
  1 |                    |
  2 |                    |
  3 |                    |

non-blank cells
(none)
