---
source: crates/oxutrm-client/src/splash.rs
assertion_line: 273
expression: "text_of(&splash(at(FRAMES), SCREEN, 7))"
---



                           ⣼⡖                      ⢲⣧
                          ⣼⣿⠇                      ⠸⣿⣧
                         ⣼⣿⣿⣀⡀     ⢠⣤⣤⣤⣤⣤⣤⣤⣤⡄     ⢀⣀⣿⣿⣧
                        ⠼⣿⣿⣿⣿⣿⣿⣿⡇⣿⣿⡌⣿⣿⣿⣿⣿⣿⣿⣿⢡⣿⣿⢸⣿⣿⣿⣿⣿⣿⣿⠧
                          ⠈⠉⠙⠛⠿⠿⡇⣿⣿⣧⢹⣿⣿⣿⣿⣿⣿⡏⣼⣿⣿⢸⠿⠿⠛⠋⠉⠁
                            ⢤⣤⣴⣶⡆⣿⢿⣿⣮⣭⣭⣭⣭⣭⣭⣵⣿⡿⣿⢰⣶⣦⣤⡤
                             ⠉⠉⠉⠁⣿ ⠙⢿⣿⣿⣿⣿⣿⣿⡿⠋ ⣿⠈⠉⠉⠉
                                 ⣿⣿⣿⡆⣿⣿⣿⣿⣿⣿⢰⣿⣿⣿
                                 ⣿⣿⣿⡇⣿⣿⣿⣿⣿⣿⢸⣿⣿⣿
                                 ⠘⣿⣿⣇⢻⣿⣿⣿⣿⡟⣸⣿⣿⠃
                                  ⠈⢟⣥⣶⣶⣶⣶⣶⣶⣬⡻⠁
                                   ⣿⣿⣿⣿⣿⣿⣿⣿⣿⣿
                                   ⠙⢿⣿⣿⣿⣿⣿⣿⡿⠋


                          ⣾⠛⠛⠛⣷          ⠛⠛⣿⠛⠛
                          ⣿   ⣿ ⠻⣦⣴⠟ ⣿  ⣿  ⣿  ⣿⠞⠛ ⣿⠛⣿⠛⣷
                          ⢿⣤⣤⣤⡿ ⣴⠟⠻⣦ ⢿⣤⣤⣿  ⣿  ⣿   ⣿ ⣿ ⣿
